15:27:21 **** Incremental Build of configuration Debug for project FreeRTOS_Task_Changing_Priorities ****
make -j4 all 
Building file: ../src/main.c
Invoking: MCU GCC Compiler
D:\PENDRIVE\EMBEDDED_SYSTEM\STM32_PROJECTS\FreeRTOS_Project\FreeRTOS_Simple_Task\FreeRTOS_Task_Changing_Priorities\Debug
arm-none-eabi-gcc -mcpu=cortex-m4 -mthumb -mfloat-abi=hard -mfpu=fpv4-sp-d16 -DSTM32 -DSTM32F4 -DSTM32F446RETx -DNUCLEO_F446RE -DDEBUG -DSTM32F446xx -DUSE_STDPERIPH_DRIVER -I"D:/PENDRIVE/EMBEDDED_SYSTEM/STM32_PROJECTS/FreeRTOS_Project/FreeRTOS_Simple_Task/FreeRTOS_Task_Changing_Priorities/StdPeriph_Driver/inc" -I"D:/PENDRIVE/EMBEDDED_SYSTEM/STM32_PROJECTS/FreeRTOS_Project/FreeRTOS_Simple_Task/FreeRTOS_Task_Changing_Priorities/Third_party/FreeRTOS/ORG/Source/include" -I"D:/PENDRIVE/EMBEDDED_SYSTEM/STM32_PROJECTS/FreeRTOS_Project/FreeRTOS_Simple_Task/FreeRTOS_Task_Changing_Priorities/Third_party/FreeRTOS/ORG/Source/portable/GCC/ARM_CM4F" -I"D:/PENDRIVE/EMBEDDED_SYSTEM/STM32_PROJECTS/FreeRTOS_Project/FreeRTOS_Simple_Task/FreeRTOS_Task_Changing_Priorities/Config" -I"D:/PENDRIVE/EMBEDDED_SYSTEM/STM32_PROJECTS/FreeRTOS_Project/FreeRTOS_Simple_Task/FreeRTOS_Task_Changing_Priorities/inc" -I"D:/PENDRIVE/EMBEDDED_SYSTEM/STM32_PROJECTS/FreeRTOS_Project/FreeRTOS_Simple_Task/FreeRTOS_Task_Changing_Priorities/CMSIS/device" -I"D:/PENDRIVE/EMBEDDED_SYSTEM/STM32_PROJECTS/FreeRTOS_Project/FreeRTOS_Simple_Task/FreeRTOS_Task_Changing_Priorities/CMSIS/core" -O0 -g3 -Wall -fmessage-length=0 -ffunction-sections -c -MMD -MP -MF"src/main.d" -MT"src/main.o" -o "src/main.o" "../src/main.c"
Finished building: ../src/main.c
 
Building target: FreeRTOS_Task_Changing_Priorities.elf
Invoking: MCU GCC Linker
arm-none-eabi-gcc -mcpu=cortex-m4 -mthumb -mfloat-abi=hard -mfpu=fpv4-sp-d16 -T"D:/PENDRIVE/EMBEDDED_SYSTEM/STM32_PROJECTS/FreeRTOS_Project/FreeRTOS_Simple_Task/FreeRTOS_Task_Changing_Priorities/LinkerScript.ld" -Wl,-Map=output.map -Wl,--gc-sections -o "FreeRTOS_Task_Changing_Priorities.elf" @"objects.list"   -lm
Finished building target: FreeRTOS_Task_Changing_Priorities.elf
 
make --no-print-directory post-build
Generating binary and Printing size information:
arm-none-eabi-objcopy -O binary "FreeRTOS_Task_Changing_Priorities.elf" "FreeRTOS_Task_Changing_Priorities.bin"
arm-none-eabi-size "FreeRTOS_Task_Changing_Priorities.elf"
   text	   data	    bss	    dec	    hex	filename
  36624	   2516	  78384	 117524	  1cb14	FreeRTOS_Task_Changing_Priorities.elf
 

15:27:29 Build Finished (took 8s.266ms)

